#-----------------------------------------------------------
# Vivado v2023.2 (64-bit)
# SW Build 4029153 on Fri Oct 13 20:14:34 MDT 2023
# IP Build 4028589 on Sat Oct 14 00:45:43 MDT 2023
# SharedData Build 4025554 on Tue Oct 10 17:18:54 MDT 2023
# Start of session at: Wed May 15 09:26:21 2024
# Process ID: 3916
# Current directory: C:/Users/HP/Documents/Projectes/Coincidence_detector/pynq_project/coincidence_detector.runs/synth_1
# Command line: vivado.exe -log coincidence_detector_wrapper.vds -product Vivado -mode batch -messageDb vivado.pb -notrace -source coincidence_detector_wrapper.tcl
# Log file: C:/Users/HP/Documents/Projectes/Coincidence_detector/pynq_project/coincidence_detector.runs/synth_1/coincidence_detector_wrapper.vds
# Journal file: C:/Users/HP/Documents/Projectes/Coincidence_detector/pynq_project/coincidence_detector.runs/synth_1\vivado.jou
# Running On: Elitebook-QCommsUB-Adria, OS: Windows, CPU Frequency: 2496 MHz, CPU Physical cores: 10, Host memory: 33974 MB
#-----------------------------------------------------------
source coincidence_detector_wrapper.tcl -notrace
