#-----------------------------------------------------------
# Vivado v2023.2 (64-bit)
# SW Build 4029153 on Fri Oct 13 20:14:34 MDT 2023
# IP Build 4028589 on Sat Oct 14 00:45:43 MDT 2023
# SharedData Build 4025554 on Tue Oct 10 17:18:54 MDT 2023
# Start of session at: Sun May 12 13:24:53 2024
# Process ID: 7896
# Current directory: C:/Users/HP/Documents/Projectes/Coincidence_detector/pynq_project/detector.runs/impl_1
# Command line: vivado.exe -log detector_top_v1_0.vdi -applog -product Vivado -messageDb vivado.pb -mode batch -source detector_top_v1_0.tcl -notrace
# Log file: C:/Users/HP/Documents/Projectes/Coincidence_detector/pynq_project/detector.runs/impl_1/detector_top_v1_0.vdi
# Journal file: C:/Users/HP/Documents/Projectes/Coincidence_detector/pynq_project/detector.runs/impl_1\vivado.jou
# Running On: Elitebook-QCommsUB-Adria, OS: Windows, CPU Frequency: 2496 MHz, CPU Physical cores: 10, Host memory: 33974 MB
#-----------------------------------------------------------
source detector_top_v1_0.tcl -notrace
